---
source: /home/ayushjha/.cargo/registry/src/github.com-1ecc6299db9ec823/wasmer-pack-testing-0.6.0/src/autodiscover.rs
---
include polyvalid/py.typed
include polyvalid/bindings/polyvalid/*.wasm
